#to simplify changes for all languages
#schema (messageID):messageid:msgPL:....

msgctxt "#30100":msgid "Display Exit addon option":msgstrPL "Ust. wtyczki"
msgctxt "#30101":msgid "Display hosts list option":msgstrPL "Wyświetl opcję 'Wyjście z dodatku'"
msgctxt "#30102":msgid "Display InitialList option"":msgstrPL "Wyświetl opcję 'Lista serwisów'"
msgctxt "#30103":msgid "General settings":msgstrPL "Wyświetl opcję 'Lista początkowa serwisu'"
msgctxt "#30110":msgid "Mode":msgstrPL "Tryb"
msgctxt "#30111":msgid "player":msgstrPL "odtwarzacz"
msgctxt "#30112":msgid "player with buffering":msgstrPL "odtwarzacz z buforowaniem"
msgctxt "#30113":msgid "recorder":msgstrPL "nagrywarka"
msgctxt "#30120":msgid "Cache path":msgstrPL "Ścieżka pamięci podręcznej"
msgctxt "#30130":msgid "Download path":msgstrPL "Ścieżka pobierania"
msgctxt "#30140":msgid "Daemon type":msgstrPL "Typ demona"
msgctxt "#30141":msgid "Linux test deamon":msgstrPL "Testowy demon Linux-a"
msgctxt "#30142":msgid "Kodi service":msgstrPL "serwis Kodi"
msgctxt "#30150":msgid "Temp path":msgstrPL "Ścieżka plików tymczasowych"
msgctxt "#30160":msgid "wget path":msgstrPL "Lokalizacja programu wget"
msgctxt "#30170":msgid "rtmpdump path":msgstrPL "Lokalizacja programu rtmpdump"
msgctxt "#30180":msgid "f4mdump path":msgstrPL "Lokalizacja programu f4mdump"
msgctxt "#30190":msgid "uchardet path":msgstrPL "Lokalizacja programu uchardet"
msgctxt "#30191":msgid "IPTVplayer debug":msgstrPL "Debugowanie"
msgctxt "#30192":msgid "IPTVplayer platform":msgstrPL "Platforma"
msgctxt "#30193":msgid "Buffering":msgstrPL "Buforowanie"
msgctxt "#30194":msgid "Buffering m3u8":msgstrPL "Buforowanie m3u8"
msgctxt "#30195":msgid "Buffering rtmp":msgstrPL "Buforowanie rtmp"
msgctxt "#30196":msgid "Buffering for X seconds":msgstrPL "Buforowanie X sekund"
msgctxt "#30197":msgid "Block WMV":msgstrPL "Blokowanie WMV"
msgctxt "#30200":msgid "Dev":msgstrPL "Stan dodatku"
msgctxt "#30210":msgid "selected Host":msgstrPL "Wybrany serwis"
msgctxt "#30220":msgid "selected ID":msgstrPL "Wybrane ID"
msgctxt "#30230":msgid "IPTVdaemon PID":msgstrPL "PID demona"
msgctxt "#30240":msgid "addon path":msgstrPL "Ścieżka dodatku"
msgctxt "#30250":msgid "current level":msgstrPL "Poziom drzewa"
msgctxt "#30260":msgid "Update E2 settings":msgstrPL "Aktualizacja ustawień E2"
msgctxt "#30270":msgid "addon temp path":msgstrPL " Ścieżka plików tymczasowych dodatku"
msgctxt "#30280":msgid "Logging":msgstrPL "Logowanie"
msgctxt "#30281":msgid "disabled":msgstrPL "wyłączone"
msgctxt "#30282":msgid "KODI service only":msgstrPL "Tylko serwis KODI"
msgctxt "#30283":msgid "everything":msgstrPL "wszystko"
msgctxt "#30300":msgid "Hosts":msgstrPL "Ust. serwisów"
msgctxt "#30301":msgid "- Use default video format":msgstrPL "- Używaj domyślnego format video"
msgctxt "#30302":msgid "- Default video bitrate":msgstrPL "- Domyślny bitrate video"
msgctxt "#30303":msgid "- cache data X hours":msgstrPL "- Używaj danych z pamięci podręcznej przez godzin"
msgctxt "#30400":msgid "ON/Off host":msgstrPL "Wł/Wył serwis"
msgctxt "#30401":msgid "Initiating IPTVdaemon for %s":msgstrPL "Inicjalizacja IPTVdaemon-a dla %s"
msgctxt "#30402":msgid "Getting host name...":msgstrPL "Pobieram nazwę serwisu..."
msgctxt "#30403":msgid "Error":msgstrPL "Błąd"
msgctxt "#30404":msgid "Error initiating IPTVdaemon for host %s":msgstrPL "Błąd inicjacji remona IPTV dla hosta %s"
msgctxt "#30405":msgid "Getting initial categories...":msgstrPL "Pobieram listę kategorii..."
msgctxt "#30406":msgid "Getting data for item ":msgstrPL "Pobieram dane dla elementu "
msgctxt "#30407":msgid "Getting urls for ":msgstrPL "Pobieram linki dla "
msgctxt "#30408":msgid "File does not exist, probably already deleted":msgstrPL "Plik nie istnieje, prawdopodobnie został już skasowany"
msgctxt "#30409":msgid "What to do?":msgstrPL "Co zrobić?"
msgctxt "#30410":msgid "Display file":msgstrPL "Wyświetl wideo"
msgctxt "#30411":msgid "Delete status file":msgstrPL "Skasuj plik statusu"
msgctxt "#30412":msgid "Delete status file and video":msgstrPL "Skasuj plik statusu i wideo"
msgctxt "#30413":msgid "Status file has been deleted":msgstrPL "Plik statusu został skasowany"
msgctxt "#30414":msgid "Status file and video has been deleted":msgstrPL "Plik statusu i wideo zostały skasowane"
msgctxt "#30415":msgid "File has been deleted":msgstrPL "Plik został skasowany"
msgctxt "#30416":msgid "%d files have been deleted":msgstrPL "Skasowano plików: %d"
msgctxt "#30417":msgid "No files to delete":msgstrPL "Brak plików do skasowania"
msgctxt "#30418":msgid "Initializing...":msgstrPL "Inicjalizacja..."
msgctxt "#30419":msgid "Start buffering":msgstrPL "Start buforowania"
msgctxt "#30420":msgid "Buffering...":msgstrPL "Buforowanie..."
msgctxt "#30421":msgid "Something wrong happened with buffering":msgstrPL "Coś złego stało się z buforowaniem"
msgctxt "#30422":msgid "Start downloading":msgstrPL "Start pobierania"
msgctxt "#30423":msgid "Download of %s started":msgstrPL "Pobieranie %s uruchomione"
msgctxt "#30424":msgid "--- Downloads status ---":msgstrPL "--- Status pobierania materiałów ---"
msgctxt "#30425":msgid ">>> Exit plugin <<<":msgstrPL ">>> Wyjście z dodatku <<<"
msgctxt "#30426":msgid "-->> Hosts list <<--":msgstrPL "-->> Lista serwisów <<--"
msgctxt "#30427":msgid "----> Initial list <----":msgstrPL "----> Lista początkowa serwisu <<----"
msgctxt "#30428":msgid "IPTVdaemon is not working":msgstrPL "Demon IPTV nie działa"
msgctxt "#30429":msgid "Downloading data...":msgstrPL "Pobieranie danych..."
msgctxt "#30430":msgid "Cache folder does not exists. Configure plugin first!":msgstrPL "Katalog podręczny nie istnieje. Najpierw musisz dodatek skonfigurować!"
msgctxt "#30431":msgid "Recording folder is not writable. Configure plugin first!":msgstrPL "Nie można zapisywać do katalogu na nagrania. Najpierw musisz dodatek skonfigurować!"
msgctxt "#30432":msgid "Temp folder is not writable. Configure plugin first!":msgstrPL "Nie można zapisywać do katalogu na dane tymczasowe. Najpierw musisz dodatek skonfigurować!"

#msgctxt "#XXX":msgid "":msgstrPL ""
#END