#to simplify changes for all languages
#schema (messageID):messageid:msgPL:....

msgctxt "#30100":msgid "General settings":msgstrPL "Ust. wtyczki"
msgctxt "#30110":msgid "Mode":msgstrPL "Tryb"
msgctxt "#30111":msgid "player":msgstrPL "odtwarzacz"
msgctxt "#30112":msgid "player with buffering":msgstrPL "odtwarzacz z buforowaniem"
msgctxt "#30113":msgid "recorder":msgstrPL "nagrywarka"
msgctxt "#30120":msgid "Cache path":msgstrPL "Ścieżka pamięci podręcznej"
msgctxt "#30130":msgid "Download path":msgstrPL "Ścieżka pobierania"
msgctxt "#30140":msgid "Daemon type":msgstrPL "Typ demona"
msgctxt "#30141":msgid "Linux test deamon":msgstrPL "Testowy demon Linux-a"
msgctxt "#30142":msgid "Kodi service":msgstrPL "serwis Kodi"
msgctxt "#30150":msgid "Temp path":msgstrPL "Ścieżka plików tymczasowych"
msgctxt "#30160":msgid "wget path":msgstrPL "Lokalizacja programu wget"
msgctxt "#30170":msgid "rtmpdump path":msgstrPL "Lokalizacja programu rtmpdump"
msgctxt "#30180":msgid "f4mdump path":msgstrPL "Lokalizacja programu f4mdump"
msgctxt "#30190":msgid "uchardet path":msgstrPL "Lokalizacja programu uchardet"
msgctxt "#30191":msgid "IPTVplayer debug":msgstrPL "Debugowanie"
msgctxt "#30192":msgid "IPTVplayer platform":msgstrPL "Platforma"
msgctxt "#30193":msgid "Buffering":msgstrPL "Buforowanie"
msgctxt "#30194":msgid "Buffering m3u8":msgstrPL "Buforowanie m3u8"
msgctxt "#30195":msgid "Buffering rtmp":msgstrPL "Buforowanie rtmp"
msgctxt "#30196":msgid "Buffering for X seconds":msgstrPL "Buforowanie X sekund"
msgctxt "#30197":msgid "Block WMV":msgstrPL "Blokowanie WMV"
msgctxt "#30200":msgid "Dev":msgstrPL "Stan dodatku"
msgctxt "#30210":msgid "selected Host":msgstrPL "Wybrany serwis"
msgctxt "#30220":msgid "selected ID":msgstrPL "Wybrane ID"
msgctxt "#30230":msgid "IPTVdaemon PID":msgstrPL "PID demona"
msgctxt "#30240":msgid "addon path":msgstrPL "Ścieżka dodatku"
msgctxt "#30250":msgid "current level":msgstrPL "Poziom drzewa"
msgctxt "#30260":msgid "Update E2 settings":msgstrPL "Aktualizacja ustawień E2"
msgctxt "#30270":msgid "addon temp path":msgstrPL " Ścieżka plików tymczasowych dodatku"
msgctxt "#30280":msgid "Logging":msgstrPL "Logowanie"
msgctxt "#30281":msgid "disabled":msgstrPL "wyłączone"
msgctxt "#30282":msgid "KODI service only":msgstrPL "Tylko serwis KODI"
msgctxt "#30283":msgid "everything":msgstrPL "wszystko"
msgctxt "#30300":msgid "Hosts":msgstrPL "Ust. serwisów"
msgctxt "#30301":msgid "- Use default video format":msgstrPL "- Używaj domyślnego format video"
msgctxt "#30302":msgid "- Default video bitrate":msgstrPL "- Domyślny bitrate video"
msgctxt "#30303":msgid "- cache data X hours":msgstrPL "- Używaj danych z pamięci podręcznej przez godzin"
msgctxt "#30400":msgid "ON/Off host":msgstrPL "Wł/Wył serwis"
#END